// Jest Snapshot v1, https://goo.gl/fbAQLP

exports[`matches snapshot 1`] = `
<table>
  <tbody>
    <tr
      data-testid="comment-1"
    >
      <td
        className="upvotes"
      >
        <img
          alt="upvote"
          src="updoot.png"
        />
      </td>
      <td
        className="upvotes"
      >
        <p>
          9001
        </p>
      </td>
      <td>
        <table>
          <tbody>
            <tr>
              <td>
                <p>
                  Fake!
                </p>
                

              </td>
            </tr>
            <tr>
              <td
                id="comment-body"
              >
                <p
                  className="author"
                >
                  u/
                  stretcc
                </p>
              </td>
            </tr>
          </tbody>
        </table>
      </td>
    </tr>
  </tbody>
</table>
`;
