// Jest Snapshot v1, https://goo.gl/fbAQLP

exports[`PostLink matches snapshot 1`] = `
<table>
  <tbody>
    <tr
      data-testid="post-link-1"
    >
      <td
        className="upvotes"
      >
        <img
          alt="upvote"
          id="upvote-img"
          src="updoot.png"
        />
      </td>
      <td
        className="upvotes"
      >
        <p>
          170000
        </p>
      </td>
      <td>
        <table>
          <tbody>
            <tr>
              <td>
                <a
                  href="/post?redditUrl='https://www.reddit.com/r/tifu/comments/x35iu6/tifu_my_20f_girlfriend_of_two_years_told_me_the/'"
                  onClick={[Function]}
                >
                  This is a post on Reddit
                </a>
              </td>
            </tr>
            <tr>
              <td>
                <p
                  className="author"
                >
                  u/
                  TylerLife
                </p>
              </td>
            </tr>
          </tbody>
        </table>
      </td>
    </tr>
  </tbody>
</table>
`;
