// Jest Snapshot v1, https://goo.gl/fbAQLP

exports[`SearchBar matches snapshot 1`] = `
<div
  className="search"
  data-testid="searchbar"
>
  <label
    htmlFor="search"
  >
    Search r/
  </label>
  <input
    id="search"
    name="search"
    onChange={[Function]}
    onKeyUp={[Function]}
    type="search"
    value=""
  />
  <button
    data-testid="searchbar-button"
    onClick={[Function]}
  >
    Search
  </button>
</div>
`;
